[backblue.gif]
[fade.gif]
[index.html]
[meeyer.veracruz.tecnm.mx/img/tecnmicono.ico]
[cdn.jsdelivr.net/npm/bootstrap@5.0.2/dist/css/bootstrap.min.css]
[platform.twitter.com/widgets.js]
[meeyer.veracruz.tecnm.mx/js/jquery-1.7.2.js]
[meeyer.veracruz.tecnm.mx/carrusel/jquery-3.1.1.slim.min.js]
[meeyer.veracruz.tecnm.mx/carrusel/tether.min.js]
[meeyer.veracruz.tecnm.mx/js/jquery-1.10.2.min.js]
[meeyer.veracruz.tecnm.mx/js/jquery-migrate-1.2.1.min.js]
[meeyer.veracruz.tecnm.mx/fonts/Montserrat-Medium.ttf]
[meeyer.veracruz.tecnm.mx/fonts/Montserrat-Regular.ttf]
[meeyer.veracruz.tecnm.mx/fonts/Montserrat-Black.ttf]
[meeyer.veracruz.tecnm.mx/fonts/Montserrat-BlackItalic.ttf]
[meeyer.veracruz.tecnm.mx/fonts/Montserrat-BoldItalic.ttf]
[meeyer.veracruz.tecnm.mx/js/jquery.snippet.js]
[meeyer.veracruz.tecnm.mx/js/raphael-min.js]
[meeyer.veracruz.tecnm.mx/images/includes/homein1-cel.jpg]
[code.jquery.com/jquery-3.2.1.js]
[translate.google.com/translate_a/elementa0d8.js]
[cdn.datatables.net/1.10.21/css/jquery.dataTables.css]
[meeyer.veracruz.tecnm.mx/assets/files/main/img/pleca-gob1.png]
[meeyer.veracruz.tecnm.mx/assets/files/main/img/pleca-gob2.png]
[meeyer.veracruz.tecnm.mx/assets/files/main/img/pleca_tecnm.jpg]
[meeyer.veracruz.tecnm.mx/images/banderas/microsoft_teams.png]
[meeyer.veracruz.tecnm.mx/images/banderas/correo-icono.png]
[meeyer.veracruz.tecnm.mx/pdf/Calendario_Academico_Ciclo_Escolar_2021-2022.pdf]
[meeyer.veracruz.tecnm.mx/images/banderas/calendario-icono.png]
[meeyer.veracruz.tecnm.mx/images/banderas/china-icono.png]
[meeyer.veracruz.tecnm.mx/images/banderas/usa-icono.png]
[meeyer.veracruz.tecnm.mx/images/banderas/francia-icono.png]
[meeyer.veracruz.tecnm.mx/images/banderas/mexico-icono.png]
[meeyer.veracruz.tecnm.mx/images/banderas/ojo-icono.png]
[meeyer.veracruz.tecnm.mx/images/LogoTecNM Blanco.png]
[meeyer.veracruz.tecnm.mx/images/includes/convocatorias/actual/convocatoria MEEYER 2021-2 vf.pdf]
[cdnjs.cloudflare.com/ajax/libs/baguettebox.js/1.8.1/baguetteBox.min.css]
[meeyer.veracruz.tecnm.mx/images/includes/TecNMVer.jpg]
[meeyer.veracruz.tecnm.mx/images/includes/Profes.jpg]
[meeyer.veracruz.tecnm.mx/images/includes/convocatorias/actual/carrusel_convocatorias_meeyer_2022-1.png]
[cdnjs.cloudflare.com/ajax/libs/baguettebox.js/1.8.1/baguetteBox.min.js]
[meeyer.veracruz.tecnm.mx/images/redes_sociales/facebook.png]
[meeyer.veracruz.tecnm.mx/images/redes_sociales/twitter.png]
[meeyer.veracruz.tecnm.mx/images/redes_sociales/youtube.png]
[cdn.jsdelivr.net/npm/bootstrap@5.0.2/dist/js/bootstrap.bundle.min.js]
[meeyer.veracruz.tecnm.mx/cdn-cgi/scripts/5c5dd728/cloudflare-static/email-decode.min.js]
[meeyer.veracruz.tecnm.mx/assets/files/main/js/jquery-3.3.1.min.js]
[meeyer.veracruz.tecnm.mx/assets/files/main/js/bootstrap.min.js]
[meeyer.veracruz.tecnm.mx/assets/files/main/js/bootstrap-image-gallery.min.js]
[meeyer.veracruz.tecnm.mx/assets/files/main/js/fontawesome-all.min.js]
[meeyer.veracruz.tecnm.mx/assets/files/main/js/owl.carousel.min.js]
[meeyer.veracruz.tecnm.mx/assets/files/main/js/index.onload.js]
[meeyer.veracruz.tecnm.mx/assets/files/main/js/featherlight.min.js]
[meeyer.veracruz.tecnm.mx/assets/web/assets/jquery/jquery.min.js]
[meeyer.veracruz.tecnm.mx/js/reordenamiento/jquery.min.js]
[meeyer.veracruz.tecnm.mx/js/reordenamiento/jquery-ui.js]
[meeyer.veracruz.tecnm.mx/assets/bootstrap/js/bootstrap.min.js]
[meeyer.veracruz.tecnm.mx/assets/facebook-plugin/facebook-script.js]
[meeyer.veracruz.tecnm.mx/assets/smoothscroll/smooth-scroll.js]
[meeyer.veracruz.tecnm.mx/assets/dropdown/js/nav-dropdown.js]
[meeyer.veracruz.tecnm.mx/assets/dropdown/js/navbar-dropdown.js]
[meeyer.veracruz.tecnm.mx/assets/tether/tether.min.js]
[meeyer.veracruz.tecnm.mx/assets/parallax/jarallax.min.js]
[meeyer.veracruz.tecnm.mx/assets/viewportchecker/jquery.viewportchecker.js]
[meeyer.veracruz.tecnm.mx/assets/touchswipe/jquery.touch-swipe.min.js]
[meeyer.veracruz.tecnm.mx/assets/social-feed-plugin/codebird.min.js]
[meeyer.veracruz.tecnm.mx/assets/social-feed-plugin/moment.js]
[meeyer.veracruz.tecnm.mx/assets/social-feed-plugin/en-gb.js]
[meeyer.veracruz.tecnm.mx/assets/social-feed-plugin/doT.js]
[meeyer.veracruz.tecnm.mx/assets/social-feed-plugin/jquery.socialfeed.js]
[meeyer.veracruz.tecnm.mx/assets/social-feed-plugin/main.js]
[meeyer.veracruz.tecnm.mx/assets/theme/js/script.js]
[meeyer.veracruz.tecnm.mx/js/noticarrusel/slick.js]
[meeyer.veracruz.tecnm.mx/js/bootnavbar.js]
[meeyer.veracruz.tecnm.mx/index.html]
[meeyer.veracruz.tecnm.mx/assets/web/assets/mobirise-icons/mobirise-icons.css]
[meeyer.veracruz.tecnm.mx/assets/bootstrap/css/bootstrap-grid.min.css]
[meeyer.veracruz.tecnm.mx/assets/bootstrap/css/bootstrap-reboot.min.css]
[meeyer.veracruz.tecnm.mx/assets/tether/tether.min.css]
[meeyer.veracruz.tecnm.mx/assets/socicon/css/styles.css]
[cdn.jsdelivr.net/npm/bootstrap@5.0.2/dist/css/bootstrap.min.css]
[meeyer.veracruz.tecnm.mx/assets/styles/iconos.css]
[meeyer.veracruz.tecnm.mx/img/iconos/ico/style.css]
[cdn0.iconfinder.com/data/icons/slim-square-icons-basics/100/675703.png]
[meeyer.veracruz.tecnm.mx/assets/styles/estilo-compresion.min.css]
[meeyer.veracruz.tecnm.mx/assets/social-feed-plugin/jquery.socialfeed.css]
[meeyer.veracruz.tecnm.mx/assets/social-feed-plugin/style.css]
[meeyer.veracruz.tecnm.mx/assets/theme/css/style.css]
[meeyer.veracruz.tecnm.mx/assets/mobirise/css/mbr-additional.css]
[meeyer.veracruz.tecnm.mx/assets/bootstrap/css/bootstrap.min.css]
[meeyer.veracruz.tecnm.mx/assets/files/main/css/owl.carousel.min.css]
[meeyer.veracruz.tecnm.mx/assets/files/main/css/owl.theme.default.min.css]
[meeyer.veracruz.tecnm.mx/assets/files/main/css/bootstrap-image-gallery.min.css]
[meeyer.veracruz.tecnm.mx/assets/files/main/css/featherlight.min.css]
[meeyer.veracruz.tecnm.mx/assets/files/main/css/fa-svg-with-js.css]
[meeyer.veracruz.tecnm.mx/assets/files/main/css/fontawesome-all.min.css]
[framework-gb.cdn.gob.mx/landing/img/fondofooter.jpg]
[meeyer.veracruz.tecnm.mx/assets/files/main/css/estilo-compresion.min.css]
[meeyer.veracruz.tecnm.mx/assets/files/main/css/jssorStyle.css]
[meeyer.veracruz.tecnm.mx/images/grabbing.png]
[meeyer.veracruz.tecnm.mx/images/AjaxLoader.gif]
[meeyer.veracruz.tecnm.mx/images/fancybox_sprite.png]
[meeyer.veracruz.tecnm.mx/images/fancybox_loading.gif]
[meeyer.veracruz.tecnm.mx/images/blank.gif]
[meeyer.veracruz.tecnm.mx/images/fancybox_sprite@2x.png]
[meeyer.veracruz.tecnm.mx/images/fancybox_loading@2x.gif]
[meeyer.veracruz.tecnm.mx/bootstrap/fonts/fontawesome-webfont.eot]
[meeyer.veracruz.tecnm.mx/bootstrap/fonts/fontawesome-webfont.woff]
[meeyer.veracruz.tecnm.mx/bootstrap/fonts/fontawesome-webfontd41d.eot]
[meeyer.veracruz.tecnm.mx/bootstrap/fonts/fontawesome-webfont.ttf]
[meeyer.veracruz.tecnm.mx/css/misc.css]
[meeyer.veracruz.tecnm.mx/images/includes/homein1.jpg]
[meeyer.veracruz.tecnm.mx/images/includes/portfolioId.jpg]
[meeyer.veracruz.tecnm.mx/images/includes/Otrofondo.jpg]
[meeyer.veracruz.tecnm.mx/images/includes/general.jpg]
[meeyer.veracruz.tecnm.mx/images/includes/blogId.jpg]
[meeyer.veracruz.tecnm.mx/images/includes/contact.jpg]
[meeyer.veracruz.tecnm.mx/css/green-scheme.css]
[meeyer.veracruz.tecnm.mx/css/noticarrusel/slick-theme.css]
[meeyer.veracruz.tecnm.mx/css/noticarrusel/slick.css]
[meeyer.veracruz.tecnm.mx/images/flechas/izquierda_gris.html]
[meeyer.veracruz.tecnm.mx/images/flechas/derecha_gris.html]
[meeyer.veracruz.tecnm.mx/images/flechas/izquierda_azul.html]
[meeyer.veracruz.tecnm.mx/images/flechas/derecha_azul.html]
[meeyer.veracruz.tecnm.mx/css/jquery.snippet.css]
[meeyer.veracruz.tecnm.mx/css/bootnavbar.css]
[cdn.datatables.net/1.10.21/images/sort_both.png]
[cdn.datatables.net/1.10.21/images/sort_asc.png]
[cdn.datatables.net/1.10.21/images/sort_desc.png]
[cdn.datatables.net/1.10.21/images/sort_asc_disabled.png]
[cdn.datatables.net/1.10.21/images/sort_desc_disabled.png]
[cdn.datatables.net/1.10.21/css/jquery.dataTables.css]
[meeyer.veracruz.tecnm.mx/index2140.html]
[meeyer.veracruz.tecnm.mx/indexccc9.html]
[meeyer.veracruz.tecnm.mx/index478f.html]
[meeyer.veracruz.tecnm.mx/index2dc8.html]
[meeyer.veracruz.tecnm.mx/indexffa0.html]
[meeyer.veracruz.tecnm.mx/index1785.html]
[meeyer.veracruz.tecnm.mx/index-2.html]
[meeyer.veracruz.tecnm.mx/MEEyER_Lineas.html]
[meeyer.veracruz.tecnm.mx/MEEyER_Objetivos.html]
[meeyer.veracruz.tecnm.mx/MEEyER_Perfil_Ing.html]
[meeyer.veracruz.tecnm.mx/MEEyER_Perfil_Egr.html]
[meeyer.veracruz.tecnm.mx/MEEyER_Campo_Accion.html]
[meeyer.veracruz.tecnm.mx/MEEyER_Colab_Social.html]
[meeyer.veracruz.tecnm.mx/MEEyER_Sintesis_de_Plan.html]
[meeyer.veracruz.tecnm.mx/MEEyER_Permanencia.html]
[meeyer.veracruz.tecnm.mx/images/MAPA_CURRICULAR.jpg]
[meeyer.veracruz.tecnm.mx/MEEyER_Mapa_Ret.html]
[meeyer.veracruz.tecnm.mx/images/includes/ASIGNATURAS MEEYER/Básicas/Control inteligente.pdf]
[meeyer.veracruz.tecnm.mx/images/includes/ASIGNATURAS MEEYER/Básicas/Diseño y análisis de experimentos.pdf]
[meeyer.veracruz.tecnm.mx/images/includes/ASIGNATURAS MEEYER/Básicas/Matemáticas Aplicadas a la ingeniería.pdf]
[meeyer.veracruz.tecnm.mx/images/includes/ASIGNATURAS MEEYER/Básicas/Matematicas.pdf]
[meeyer.veracruz.tecnm.mx/images/includes/ASIGNATURAS MEEYER/Básicas/Procesos y uso eficiente de la energía.pdf]
[meeyer.veracruz.tecnm.mx/images/includes/ASIGNATURAS MEEYER/Básicas/Programación.pdf]
[meeyer.veracruz.tecnm.mx/images/includes/ASIGNATURAS MEEYER/Básicas/Sistemas electrónicos de instrumentación y control .pdf]
[meeyer.veracruz.tecnm.mx/images/includes/ASIGNATURAS MEEYER/Básicas/Termodinámica.pdf]
[meeyer.veracruz.tecnm.mx/images/includes/ASIGNATURAS MEEYER/LGAC_CONTROL DE PROCESOS ENERGÉTICOS/Análisis y control de sistemas no lineales .pdf]
[meeyer.veracruz.tecnm.mx/images/includes/ASIGNATURAS MEEYER/LGAC_CONTROL DE PROCESOS ENERGÉTICOS/Control Digital.pdf]
[meeyer.veracruz.tecnm.mx/images/includes/ASIGNATURAS MEEYER/LGAC_CONTROL DE PROCESOS ENERGÉTICOS/Electrónica de Potencia.pdf]
[meeyer.veracruz.tecnm.mx/images/includes/ASIGNATURAS MEEYER/LGAC_CONTROL DE PROCESOS ENERGÉTICOS/Procesamiento de señales en tiempo real.pdf]
[meeyer.veracruz.tecnm.mx/images/includes/ASIGNATURAS MEEYER/LGAC_CONTROL DE PROCESOS ENERGÉTICOS/Sistemas de gestión energética.pdf]
[meeyer.veracruz.tecnm.mx/images/includes/ASIGNATURAS MEEYER/LGAC_CONTROL DE PROCESOS ENERGÉTICOS/Sistemas de Procesos y Sistemas Auxiliares.pdf]
[meeyer.veracruz.tecnm.mx/images/includes/ASIGNATURAS MEEYER/LGAC_CONTROL DE PROCESOS ENERGÉTICOS/Sistemas Embebidos.pdf]
[meeyer.veracruz.tecnm.mx/images/includes/ASIGNATURAS MEEYER/LGAC_CONTROL DE PROCESOS ENERGÉTICOS/Teoría de Sistemas Lineales.pdf]
[meeyer.veracruz.tecnm.mx/images/includes/ASIGNATURAS MEEYER/LGAC_CONTROL DE PROCESOS ENERGÉTICOS/Visión Artificial.pdf]
[meeyer.veracruz.tecnm.mx/images/includes/ASIGNATURAS MEEYER/LGAC_SUSTENTABILIDAD EN SISTEMAS ENERGÉTICOS/Certificación energética en edificaciones.pdf]
[meeyer.veracruz.tecnm.mx/images/includes/ASIGNATURAS MEEYER/LGAC_SUSTENTABILIDAD EN SISTEMAS ENERGÉTICOS/Control Tecnológico Avanzado.pdf]
[meeyer.veracruz.tecnm.mx/images/includes/ASIGNATURAS MEEYER/LGAC_SUSTENTABILIDAD EN SISTEMAS ENERGÉTICOS/Energía Eólica.pdf]
[meeyer.veracruz.tecnm.mx/images/includes/ASIGNATURAS MEEYER/LGAC_SUSTENTABILIDAD EN SISTEMAS ENERGÉTICOS/Energía Solar-Fotovoltaica.pdf]
[meeyer.veracruz.tecnm.mx/images/includes/ASIGNATURAS MEEYER/LGAC_SUSTENTABILIDAD EN SISTEMAS ENERGÉTICOS/Generación de electricidad a partir de biomasa.pdf]
[meeyer.veracruz.tecnm.mx/images/includes/ASIGNATURAS MEEYER/LGAC_SUSTENTABILIDAD EN SISTEMAS ENERGÉTICOS/Gestión de proyectos.pdf]
[meeyer.veracruz.tecnm.mx/images/includes/ASIGNATURAS MEEYER/LGAC_SUSTENTABILIDAD EN SISTEMAS ENERGÉTICOS/Hidrógeno como vector energético.pdf]
[meeyer.veracruz.tecnm.mx/images/includes/ASIGNATURAS MEEYER/LGAC_SUSTENTABILIDAD EN SISTEMAS ENERGÉTICOS/Recursos Distribuidos de Energía y Demanda.pdf]
[meeyer.veracruz.tecnm.mx/images/includes/ASIGNATURAS MEEYER/LGAC_SUSTENTABILIDAD EN SISTEMAS ENERGÉTICOS/Sistemas de climatización y refrigeración.pdf]
[meeyer.veracruz.tecnm.mx/MEEyER_Asignaturas.html]
[meeyer.veracruz.tecnm.mx/MEEyER_Ob_Grado.html]
[meeyer.veracruz.tecnm.mx/MEEyER_Cohorte_generacional .html]
[meeyer.veracruz.tecnm.mx/images/includes/Docentes/RS/Resumen_Mario.pdf]
[meeyer.veracruz.tecnm.mx/images/includes/Docentes/23.png]
[meeyer.veracruz.tecnm.mx/images/includes/Docentes/RS/Domínguez_Genoveva.pdf]
[meeyer.veracruz.tecnm.mx/images/includes/Docentes/14.png]
[meeyer.veracruz.tecnm.mx/images/includes/Docentes/RS/Francisco_González.pdf]
[meeyer.veracruz.tecnm.mx/images/includes/Docentes/12.png]
[meeyer.veracruz.tecnm.mx/images/includes/Docentes/RS/JAVIER GÓMEZ RODRÍGUEZ.pdf]
[meeyer.veracruz.tecnm.mx/images/includes/Docentes/19.png]
[meeyer.veracruz.tecnm.mx/images/includes/Docentes/RS/Jorge Arturo Mendoza Sosa.pdf]
[meeyer.veracruz.tecnm.mx/images/includes/Docentes/6.png]
[meeyer.veracruz.tecnm.mx/images/includes/Docentes/RS/Efren_Ovando_Chacón.pdf]
[meeyer.veracruz.tecnm.mx/images/includes/Docentes/10.png]
[meeyer.veracruz.tecnm.mx/images/includes/Docentes/RS/José_Palomeque.pdf]
[meeyer.veracruz.tecnm.mx/images/includes/Docentes/7.png]
[meeyer.veracruz.tecnm.mx/images/includes/Docentes/RS/Abelardo_Rodríguez_León.pdf]
[meeyer.veracruz.tecnm.mx/images/includes/Docentes/15b.png]
[meeyer.veracruz.tecnm.mx/images/includes/Docentes/RS/Rodoldo_Román.pdf]
[meeyer.veracruz.tecnm.mx/images/includes/Docentes/11.png]
[meeyer.veracruz.tecnm.mx/images/includes/Docentes/RS/Iván_Valencia.pdf]
[meeyer.veracruz.tecnm.mx/images/includes/Docentes/1.png]
[meeyer.veracruz.tecnm.mx/images/includes/Docentes/RS/Cinthya_Sosa.pdf]
[meeyer.veracruz.tecnm.mx/images/includes/Docentes/16.png]
[meeyer.veracruz.tecnm.mx/images/includes/Docentes/RS/CV Reseña Martin Hernández Ordoñez.pdf]
[meeyer.veracruz.tecnm.mx/images/includes/Docentes/20.png]
[meeyer.veracruz.tecnm.mx/images/includes/Docentes/RS/Benigno_Ortíz.pdf]
[meeyer.veracruz.tecnm.mx/images/includes/Docentes/4.png]
[meeyer.veracruz.tecnm.mx/images/includes/Docentes/8.png]
[meeyer.veracruz.tecnm.mx/images/includes/Docentes/3.png]
[meeyer.veracruz.tecnm.mx/images/includes/Docentes/5.png]
[meeyer.veracruz.tecnm.mx/js/min/plugins.min.js]
[meeyer.veracruz.tecnm.mx/js/min/medigo-custom.min.js]
[meeyer.veracruz.tecnm.mx/MEEyER_Docentes.html]
[meeyer.veracruz.tecnm.mx/MEEyER_Tutorias.html]
[meeyer.veracruz.tecnm.mx/MEEyER_Prod_Academica.html]
[meeyer.veracruz.tecnm.mx/MEEyER_Contacto.html]
[cdnjs.cloudflare.com/ajax/libs/baguettebox.js/1.8.1/baguetteBox.min.css]
[meeyer.veracruz.tecnm.mx/css/covid-19.css]
[meeyer.veracruz.tecnm.mx/assets/files/main/js/loader.html]
[meeyer.veracruz.tecnm.mx/js/ingresos/jquery.dataTables.min.html]
[meeyer.veracruz.tecnm.mx/js/ingresos/funcionese30e.html]
[meeyer.veracruz.tecnm.mx/assets/web/assets/mobirise-icons/mobirise-icons0e1c.html]
[meeyer.veracruz.tecnm.mx/assets/web/assets/mobirise-icons/mobirise-icons0e1c-2.html]
[meeyer.veracruz.tecnm.mx/assets/web/assets/mobirise-icons/mobirise-icons0e1c-3.html]
[meeyer.veracruz.tecnm.mx/assets/web/assets/mobirise-icons/mobirise-icons0e1c-4.html]
[meeyer.veracruz.tecnm.mx/assets/socicon/fonts/socicon.html]
[meeyer.veracruz.tecnm.mx/assets/socicon/fonts/socicond41d.html]
[meeyer.veracruz.tecnm.mx/assets/socicon/fonts/socicon-2.html]
[meeyer.veracruz.tecnm.mx/assets/socicon/fonts/socicon-3.html]
[meeyer.veracruz.tecnm.mx/assets/socicon/fonts/socicon-4.html]
[meeyer.veracruz.tecnm.mx/img/iconos/ico/fonts/icomoon2d56.html]
[meeyer.veracruz.tecnm.mx/img/iconos/ico/fonts/icomoon2d56-2.html]
[meeyer.veracruz.tecnm.mx/img/iconos/ico/fonts/icomoon2d56-3.html]
[meeyer.veracruz.tecnm.mx/img/iconos/ico/fonts/icomoon2d56-4.html]
[meeyer.veracruz.tecnm.mx/assets/img/bg-patrones/bkg-04.html]
[meeyer.veracruz.tecnm.mx/assets/img/bg-patrones/bkg-02.html]
[meeyer.veracruz.tecnm.mx/assets/img/bg-patrones/bkg-03.html]
[meeyer.veracruz.tecnm.mx/assets/img/bg-patrones/bkg-01.html]
[meeyer.veracruz.tecnm.mx/assets/img/objetivo.html]
[meeyer.veracruz.tecnm.mx/assets/images/dg-960x638.html]
[meeyer.veracruz.tecnm.mx/assets/files/main/css/owl.video.play.html]
[meeyer.veracruz.tecnm.mx/assets/files/main/img/loading.html]
[meeyer.veracruz.tecnm.mx/assets/files/main/img/error.html]
[meeyer.veracruz.tecnm.mx/assets/files/main/img/play-pause.html]
[meeyer.veracruz.tecnm.mx/assets/files/main/img/error-2.html]
[meeyer.veracruz.tecnm.mx/assets/files/main/img/play-pause-2.html]
[meeyer.veracruz.tecnm.mx/assets/files/main/img/video-play.html]
[meeyer.veracruz.tecnm.mx/assets/files/main/img/video-play-2.html]
[meeyer.veracruz.tecnm.mx/assets/files/main/webfonts/fa-brands-400.html]
[meeyer.veracruz.tecnm.mx/assets/files/main/webfonts/fa-brands-400d41d.html]
[meeyer.veracruz.tecnm.mx/assets/files/main/webfonts/fa-brands-401.html]
[meeyer.veracruz.tecnm.mx/assets/files/main/webfonts/fa-brands-402.html]
[meeyer.veracruz.tecnm.mx/assets/files/main/webfonts/fa-brands-403.html]
[meeyer.veracruz.tecnm.mx/assets/files/main/webfonts/fa-brands-404.html]
[meeyer.veracruz.tecnm.mx/assets/files/main/webfonts/fa-regular-400.html]
[meeyer.veracruz.tecnm.mx/assets/files/main/webfonts/fa-regular-400d41d.html]
[meeyer.veracruz.tecnm.mx/assets/files/main/webfonts/fa-regular-401.html]
[meeyer.veracruz.tecnm.mx/assets/files/main/webfonts/fa-regular-402.html]
[meeyer.veracruz.tecnm.mx/assets/files/main/webfonts/fa-regular-403.html]
[meeyer.veracruz.tecnm.mx/assets/files/main/webfonts/fa-regular-404.html]
[meeyer.veracruz.tecnm.mx/assets/files/main/webfonts/fa-solid-900.html]
[meeyer.veracruz.tecnm.mx/assets/files/main/webfonts/fa-solid-900d41d.html]
[meeyer.veracruz.tecnm.mx/assets/files/main/webfonts/fa-solid-901.html]
[meeyer.veracruz.tecnm.mx/assets/files/main/webfonts/fa-solid-902.html]
[meeyer.veracruz.tecnm.mx/assets/files/main/webfonts/fa-solid-903.html]
[meeyer.veracruz.tecnm.mx/assets/files/main/webfonts/fa-solid-904.html]
[meeyer.veracruz.tecnm.mx/assets/files/main/img/bg-patrones/bkg-04.html]
[meeyer.veracruz.tecnm.mx/assets/files/main/img/bg-patrones/bkg-02.html]
[meeyer.veracruz.tecnm.mx/assets/files/main/img/bg-patrones/bkg-03.html]
[meeyer.veracruz.tecnm.mx/assets/files/main/img/bg-patrones/bkg-01.html]
[meeyer.veracruz.tecnm.mx/assets/files/main/img/objetivo.html]
[meeyer.veracruz.tecnm.mx/bootstrap/fonts/fontawesome-webfont.svg]
[meeyer.veracruz.tecnm.mx/css/noticarrusel/ajax-loader.html]
[meeyer.veracruz.tecnm.mx/css/noticarrusel/fonts/slick.html]
[meeyer.veracruz.tecnm.mx/css/noticarrusel/fonts/slickd41d.html]
[meeyer.veracruz.tecnm.mx/css/noticarrusel/fonts/slick-2.html]
[meeyer.veracruz.tecnm.mx/css/noticarrusel/fonts/slick-3.html]
[meeyer.veracruz.tecnm.mx/css/noticarrusel/fonts/slick-4.html]
[meeyer.veracruz.tecnm.mx/img/code_bg.html]
[meeyer.veracruz.tecnm.mx/index2140-2.html]
[meeyer.veracruz.tecnm.mx/indexccc9-2.html]
[meeyer.veracruz.tecnm.mx/index478f-2.html]
[meeyer.veracruz.tecnm.mx/index2dc8-2.html]
[meeyer.veracruz.tecnm.mx/indexffa0-2.html]
[meeyer.veracruz.tecnm.mx/index1785-2.html]
[meeyer.veracruz.tecnm.mx/MEEyER_Lineas2140.html]
[meeyer.veracruz.tecnm.mx/MEEyER_Lineasccc9.html]
[meeyer.veracruz.tecnm.mx/MEEyER_Lineas478f.html]
[meeyer.veracruz.tecnm.mx/MEEyER_Lineas2dc8.html]
[meeyer.veracruz.tecnm.mx/MEEyER_Lineasffa0.html]
[meeyer.veracruz.tecnm.mx/MEEyER_Lineas1785.html]
[meeyer.veracruz.tecnm.mx/MEEyER_Objetivos2140.html]
[meeyer.veracruz.tecnm.mx/MEEyER_Objetivosccc9.html]
[meeyer.veracruz.tecnm.mx/MEEyER_Objetivos478f.html]
[meeyer.veracruz.tecnm.mx/MEEyER_Objetivos2dc8.html]
[meeyer.veracruz.tecnm.mx/MEEyER_Objetivosffa0.html]
[meeyer.veracruz.tecnm.mx/MEEyER_Objetivos1785.html]
[meeyer.veracruz.tecnm.mx/MEEyER_Perfil_Ing2140.html]
[meeyer.veracruz.tecnm.mx/MEEyER_Perfil_Ingccc9.html]
[meeyer.veracruz.tecnm.mx/MEEyER_Perfil_Ing478f.html]
[meeyer.veracruz.tecnm.mx/MEEyER_Perfil_Ing2dc8.html]
[meeyer.veracruz.tecnm.mx/MEEyER_Perfil_Ingffa0.html]
[meeyer.veracruz.tecnm.mx/MEEyER_Perfil_Ing1785.html]
[meeyer.veracruz.tecnm.mx/MEEyER_Perfil_Egr2140.html]
[meeyer.veracruz.tecnm.mx/MEEyER_Perfil_Egrccc9.html]
[meeyer.veracruz.tecnm.mx/MEEyER_Perfil_Egr478f.html]
[meeyer.veracruz.tecnm.mx/MEEyER_Perfil_Egr2dc8.html]
[meeyer.veracruz.tecnm.mx/MEEyER_Perfil_Egrffa0.html]
[meeyer.veracruz.tecnm.mx/MEEyER_Perfil_Egr1785.html]
[meeyer.veracruz.tecnm.mx/MEEyER_Campo_Accion2140.html]
[meeyer.veracruz.tecnm.mx/MEEyER_Campo_Accionccc9.html]
[meeyer.veracruz.tecnm.mx/MEEyER_Campo_Accion478f.html]
[meeyer.veracruz.tecnm.mx/MEEyER_Campo_Accion2dc8.html]
[meeyer.veracruz.tecnm.mx/MEEyER_Campo_Accionffa0.html]
[meeyer.veracruz.tecnm.mx/MEEyER_Campo_Accion1785.html]
[meeyer.veracruz.tecnm.mx/MEEyER_Colab_Social2140.html]
[meeyer.veracruz.tecnm.mx/MEEyER_Colab_Socialccc9.html]
[meeyer.veracruz.tecnm.mx/MEEyER_Colab_Social478f.html]
[meeyer.veracruz.tecnm.mx/MEEyER_Colab_Social2dc8.html]
[meeyer.veracruz.tecnm.mx/MEEyER_Colab_Socialffa0.html]
[meeyer.veracruz.tecnm.mx/MEEyER_Colab_Social1785.html]
[meeyer.veracruz.tecnm.mx/MEEyER_Sintesis_de_Plan2140.html]
[meeyer.veracruz.tecnm.mx/MEEyER_Sintesis_de_Planccc9.html]
[meeyer.veracruz.tecnm.mx/MEEyER_Sintesis_de_Plan478f.html]
[meeyer.veracruz.tecnm.mx/MEEyER_Sintesis_de_Plan2dc8.html]
[meeyer.veracruz.tecnm.mx/MEEyER_Sintesis_de_Planffa0.html]
[meeyer.veracruz.tecnm.mx/MEEyER_Sintesis_de_Plan1785.html]
[meeyer.veracruz.tecnm.mx/MEEyER_Lineas4d00.html]
[meeyer.veracruz.tecnm.mx/MEEyER_Lineas6fe1.html]
[meeyer.veracruz.tecnm.mx/MEEyER_Permanencia2140.html]
[meeyer.veracruz.tecnm.mx/MEEyER_Permanenciaccc9.html]
[meeyer.veracruz.tecnm.mx/MEEyER_Permanencia478f.html]
[meeyer.veracruz.tecnm.mx/MEEyER_Permanencia2dc8.html]
[meeyer.veracruz.tecnm.mx/MEEyER_Permanenciaffa0.html]
[meeyer.veracruz.tecnm.mx/MEEyER_Permanencia1785.html]
[meeyer.veracruz.tecnm.mx/MEEyER_Mapa_Ret2140.html]
[meeyer.veracruz.tecnm.mx/MEEyER_Mapa_Retccc9.html]
[meeyer.veracruz.tecnm.mx/MEEyER_Mapa_Ret478f.html]
[meeyer.veracruz.tecnm.mx/MEEyER_Mapa_Ret2dc8.html]
[meeyer.veracruz.tecnm.mx/MEEyER_Mapa_Retffa0.html]
[meeyer.veracruz.tecnm.mx/MEEyER_Mapa_Ret1785.html]
[meeyer.veracruz.tecnm.mx/MEEyER_Asignaturas2140.html]
[meeyer.veracruz.tecnm.mx/MEEyER_Asignaturasccc9.html]
[meeyer.veracruz.tecnm.mx/MEEyER_Asignaturas478f.html]
[meeyer.veracruz.tecnm.mx/MEEyER_Asignaturas2dc8.html]
[meeyer.veracruz.tecnm.mx/MEEyER_Asignaturasffa0.html]
[meeyer.veracruz.tecnm.mx/MEEyER_Asignaturas1785.html]
[meeyer.veracruz.tecnm.mx/MEEyER_Ob_Grado2140.html]
[meeyer.veracruz.tecnm.mx/MEEyER_Ob_Gradoccc9.html]
[meeyer.veracruz.tecnm.mx/MEEyER_Ob_Grado478f.html]
[meeyer.veracruz.tecnm.mx/MEEyER_Ob_Grado2dc8.html]
[meeyer.veracruz.tecnm.mx/MEEyER_Ob_Gradoffa0.html]
[meeyer.veracruz.tecnm.mx/MEEyER_Ob_Grado1785.html]
[meeyer.veracruz.tecnm.mx/MEEyER_Cohorte_generacional 2140.html]
[meeyer.veracruz.tecnm.mx/MEEyER_Cohorte_generacional ccc9.html]
[meeyer.veracruz.tecnm.mx/MEEyER_Cohorte_generacional 478f.html]
[meeyer.veracruz.tecnm.mx/MEEyER_Cohorte_generacional 2dc8.html]
[meeyer.veracruz.tecnm.mx/MEEyER_Cohorte_generacional ffa0.html]
[meeyer.veracruz.tecnm.mx/MEEyER_Cohorte_generacional 1785.html]
[meeyer.veracruz.tecnm.mx/MEEyER_Docentes2140.html]
[meeyer.veracruz.tecnm.mx/MEEyER_Docentesccc9.html]
[meeyer.veracruz.tecnm.mx/MEEyER_Docentes478f.html]
[meeyer.veracruz.tecnm.mx/MEEyER_Docentes2dc8.html]
[meeyer.veracruz.tecnm.mx/MEEyER_Docentesffa0.html]
[meeyer.veracruz.tecnm.mx/MEEyER_Docentes1785.html]
[meeyer.veracruz.tecnm.mx/MEEyER_Tutorias2140.html]
[meeyer.veracruz.tecnm.mx/MEEyER_Tutoriasccc9.html]
[meeyer.veracruz.tecnm.mx/MEEyER_Tutorias478f.html]
[meeyer.veracruz.tecnm.mx/MEEyER_Tutorias2dc8.html]
[meeyer.veracruz.tecnm.mx/MEEyER_Tutoriasffa0.html]
[meeyer.veracruz.tecnm.mx/MEEyER_Tutorias1785.html]
[meeyer.veracruz.tecnm.mx/MEEyER_Prod_Academica2140.html]
[meeyer.veracruz.tecnm.mx/MEEyER_Prod_Academicaccc9.html]
[meeyer.veracruz.tecnm.mx/MEEyER_Prod_Academica478f.html]
[meeyer.veracruz.tecnm.mx/MEEyER_Prod_Academica2dc8.html]
[meeyer.veracruz.tecnm.mx/MEEyER_Prod_Academicaffa0.html]
[meeyer.veracruz.tecnm.mx/MEEyER_Prod_Academica1785.html]
[meeyer.veracruz.tecnm.mx/MEEyER_Contacto2140.html]
[meeyer.veracruz.tecnm.mx/MEEyER_Contactoccc9.html]
[meeyer.veracruz.tecnm.mx/MEEyER_Contacto478f.html]
[meeyer.veracruz.tecnm.mx/MEEyER_Contacto2dc8.html]
[meeyer.veracruz.tecnm.mx/MEEyER_Contactoffa0.html]
[meeyer.veracruz.tecnm.mx/MEEyER_Contacto1785.html]
